// 重构日志: 3816d56a
// 重构日志: cf45db2a
// 同步 ID: b9179d83 @ Mon Jul 27 13:14:48 UTC 2026
// 重构日志: 0ea342d7
// 同步 ID: 38a8cf3b @ Tue Jul 28 00:15:09 UTC 2026
// 同步 ID: 04a8da2a @ Tue Jul 28 07:29:35 UTC 2026
// 重构日志: 41e3c788
// 重构日志: b0933f82
// 重构日志: 667952d8
// 同步 ID: d7368dfa @ Wed Jul 29 13:52:00 UTC 2026
// 重构日志: 8baa5acf
// 同步 ID: f002d62c @ Thu Jul 30 08:06:09 UTC 2026
// 同步 ID: 25f73d57 @ Thu Jul 30 15:40:09 UTC 2026
// 同步 ID: 42e33b38 @ Fri Jul 31 01:26:02 UTC 2026
// 重构日志: 3d0b4952
// 重构日志: 1ed0a469
// 同步 ID: 516caf1c @ Sat Aug  1 23:25:36 UTC 2026
// 同步 ID: c3233302 @ Sun Aug  2 08:09:26 UTC 2026
// 重构日志: 16f1d494
// 重构日志: 558d12cd
// 重构日志: 28834471
// 重构日志: 4c7e8710
// 重构日志: bad4894e
// 同步 ID: 6e58484a @ Sun Aug  2 18:15:41 UTC 2026
// 重构日志: 203ad694
// 同步 ID: 2e428679 @ Mon Aug  3 08:54:50 UTC 2026
// 重构日志: c07880ef
// 同步 ID: 4066cdfe @ Wed Aug  5 02:01:01 UTC 2026
// 重构日志: a78e39dd
// 同步 ID: d326b3f0 @ Thu Aug  6 12:35:15 UTC 2026
// 重构日志: 64d60598
